0 verbose cli /usr/bin/node-22 /usr/local/lib/node_modules/npm/bin/npm-cli.js
1 info using npm@11.14.1
2 info using node@v22.23.1
3 silly config load:file:/usr/local/lib/node_modules/npm/npmrc
4 silly config load:file:/home/pedrogodoy/Documentos/Projetos/vision-telecom/.npmrc
5 silly config load:file:/home/pedrogodoy/Documentos/Projetos/vision-telecom/.npm_home/.npmrc
6 silly config load:file:/etc/npmrc
7 verbose title npm exec plugins add vercel/vercel-plugin
8 verbose argv "exec" "--" "plugins" "add" "vercel/vercel-plugin"
9 verbose logfile logs-max:10 dir:/home/pedrogodoy/Documentos/Projetos/vision-telecom/.npm-cache/_logs/2026-08-18T22_21_07_664Z-
10 verbose logfile /home/pedrogodoy/Documentos/Projetos/vision-telecom/.npm-cache/_logs/2026-08-18T22_21_07_664Z-debug-0.log
11 silly logfile done cleaning log files
12 silly packumentCache heap:2197815296 maxSize:549453824 maxEntrySize:274726912
13 http fetch GET 403 https://registry.npmjs.org/plugins 27ms (cache skip)
14 verbose stack HttpErrorGeneral: 403 Forbidden - GET https://registry.npmjs.org/plugins
14 verbose stack     at /usr/local/lib/node_modules/npm/node_modules/npm-registry-fetch/lib/check-response.js:103:15
14 verbose stack     at process.processTicksAndRejections (node:internal/process/task_queues:103:5)
14 verbose stack     at async RegistryFetcher.packument (/usr/local/lib/node_modules/npm/node_modules/pacote/lib/registry.js:90:19)
14 verbose stack     at async RegistryFetcher.manifest (/usr/local/lib/node_modules/npm/node_modules/pacote/lib/registry.js:128:23)
14 verbose stack     at async getManifest (/usr/local/lib/node_modules/npm/node_modules/libnpmexec/lib/index.js:29:22)
14 verbose stack     at async missingFromTree (/usr/local/lib/node_modules/npm/node_modules/libnpmexec/lib/index.js:69:22)
14 verbose stack     at async /usr/local/lib/node_modules/npm/node_modules/libnpmexec/lib/index.js:191:32
14 verbose stack     at async Promise.all (index 0)
14 verbose stack     at async exec (/usr/local/lib/node_modules/npm/node_modules/libnpmexec/lib/index.js:189:3)
14 verbose stack     at async Npm.exec (/usr/local/lib/node_modules/npm/lib/npm.js:193:9)
15 verbose statusCode 403
16 verbose pkgid plugins@*
17 error code E403
18 error 403 403 Forbidden - GET https://registry.npmjs.org/plugins
19 error 403 In most cases, you or one of your dependencies are requesting a package version that is forbidden by your security policy, or on a server you do not have access to.
20 verbose cwd /home/pedrogodoy/Documentos/Projetos/vision-telecom
21 verbose os Linux 7.1.8-200.fc44.x86_64
22 verbose node v22.23.1
23 verbose npm  v11.14.1
24 verbose exit 1
25 verbose code 1
26 error A complete log of this run can be found in: /home/pedrogodoy/Documentos/Projetos/vision-telecom/.npm-cache/_logs/2026-08-18T22_21_07_664Z-debug-0.log
